// Jest Snapshot v1, https://goo.gl/fbAQLP

exports[`Hero intro renders all components 1`] = `
<div>
  <section
    class="sc-bczRLJ"
  />
</div>
`;
